Bjolang REPL. :help for commands, Ctrl-D to leave.
3
'(1 2 3)
a string
25
an effect, and no value echoed
double
42
halve
42
xs
2
Colour
red
f
g
12
  note: f shadows the one from entry 17. Anything already compiled against that one still calls it.
f
1000
12
Type Error at Bjo_Repl_25.bjo:1: these types do not match. '1' is a number, and it is being used where a 'string' is wanted.
Unbound variable: no-such-name
  at Bjo_Repl_25.bjo:1
