Bjolang REPL. :help for commands, Ctrl-D to leave.
3
'(1 2 3)
a string
25
an effect, and no value echoed
double
42
xs
2
Colour
red
f
g
12
  note: f shadows the one from entry 15. Anything already compiled against that one still calls it.
f
1000
12
Type error: these types do not match.
  int
  string
  at Bjo_Repl_23.bjo:1
Unbound variable: no-such-name
  at Bjo_Repl_23.bjo:1
