Bjolang REPL. :help for commands, Ctrl-D to leave.
random-int: function from (std random)
  (random-int lo hi #:rng (parameter-ref current-random))
  : (-> int int (#:rng RandomSource) int)
  A number from lo to hi, both included.
  lo       The least it may answer.
  hi       The most it may answer. Not less than lo.
  #:rng    The source to draw from.
  returns  A number in [lo, hi], each equally likely.
  raises   System.ArgumentException: When hi is less than lo.
  Example:
    (random-int 1 6)   ; a die
  Lemire's method, so there is no modulo bias. Mind that hi is
  included: (random-int 0 (vec-length v)) can be one past the end,
  and random-ref is the way to pick an element.
  See also: random-ref, random-double
  random-u32  (std random)  32 random bits.
  random-u64  (std random)  64 random bits.
r/random-bool: function random-bool from (std random)
  (random-bool #:rng (parameter-ref current-random))
  : (-> (#:rng RandomSource) bool)
  #t or #f, equally likely.
  #:rng    The source to draw from.
  returns  One random bit. They are drawn 64 at a time.
  See also: random-chance?
fold-left: from (std eq), with no doc
twice
twice: function from entry 3
  (twice x)
  : (-> int int)
  Doubles.
  x        A number.
  returns  2x.
  :show name  the doc of a visible name
8
